[ PT
    ( Pn 0 1 1 )
    ( TI "12" )
, PT
    ( Pn 3 1 4 )
    ( TI "3" )
, PT
    ( Pn 5 1 6 )
    ( TK
        ( TokSymbol
            { tsText = "+"
            , tsID = 10
            }
        )
    )
, PT
    ( Pn 7 1 8 )
    ( TK
        ( TokSymbol
            { tsText = "."
            , tsID = 15
            }
        )
    )
]