PProgram
    [ SExpr
        ( EAdd
            ( EInt 12 )
            ( EInt 3 )
        )
    ]